// Jest Snapshot v1, https://goo.gl/fbAQLP

exports[`Testing Button component should render correctly 1`] = `
<View
  accessible={true}
  collapsable={false}
  focusable={true}
  onClick={[Function]}
  onResponderGrant={[Function]}
  onResponderMove={[Function]}
  onResponderRelease={[Function]}
  onResponderTerminate={[Function]}
  onResponderTerminationRequest={[Function]}
  onStartShouldSetResponder={[Function]}
  style={
    Object {
      "alignItems": "center",
      "backgroundColor": "#1976d2",
      "borderRadius": 20,
      "elevation": 5,
      "height": 30,
      "justifyContent": "center",
      "opacity": 1,
      "width": "100%",
    }
  }
>
  <Text
    style={
      Object {
        "color": "white",
        "fontSize": 14,
        "fontWeight": "500",
      }
    }
  >
    Teste
  </Text>
</View>
`;
