// Jest Snapshot v1, https://goo.gl/fbAQLP

exports[`Testing patios view should match snapshot 1`] = `
<View
  style={
    Object {
      "alignItems": "stretch",
      "flex": 1,
      "padding": 24,
    }
  }
>
  <Text>
    Carros estacionados em: 
    Patio 1
  </Text>
  <RCTScrollView
    ListEmptyComponent={
      <Text>
        Nenhum carro estacionado
      </Text>
    }
    contentContainerStyle={
      Object {
        "padding": 12,
      }
    }
    data={Array []}
    getItem={[Function]}
    getItemCount={[Function]}
    keyExtractor={[Function]}
    onContentSizeChange={[Function]}
    onLayout={[Function]}
    onMomentumScrollBegin={[Function]}
    onMomentumScrollEnd={[Function]}
    onScroll={[Function]}
    onScrollBeginDrag={[Function]}
    onScrollEndDrag={[Function]}
    removeClippedSubviews={false}
    renderItem={[Function]}
    scrollEventThrottle={50}
    stickyHeaderIndices={Array []}
    style={
      Object {
        "marginHorizontal": -24,
      }
    }
    viewabilityConfigCallbackPairs={Array []}
  >
    <View>
      <Text
        onLayout={[Function]}
      >
        Nenhum carro estacionado
      </Text>
    </View>
  </RCTScrollView>
</View>
`;
